Command: python3 scripts/validate_immutable.py
Exit: 0
immutable_validation=ok
files=4

Command: python3 scripts/validate_ledgers.py
Exit: 0
ledger_validation=ok
change_requests.tsv=1
claims.csv=10
experiments.tsv=28
literature.csv=29
reviewer_issues.tsv=16

Command: python3 scripts/validate_labels.py
Exit: 0
validation_status=ok
rows=94
cases=94
WARNING: row 2 pilot_sn_xian_hightech: extracted text not found for doc_sn_xa_hightech_2026_mtn6_006
WARNING: row 3 pilot_gd_001: extracted text not found for doc_gd_gz_chengtou_2026_mtn4_004
WARNING: row 4 pilot_zj_001: extracted text not found for doc_zj_hz_chengtou_2024_mtn1_prospectus
WARNING: row 5 pilot_sc_001: extracted text not found for doc_sc_cd_chengtou_2023_mtn3_prospectus
WARNING: row 6 pilot_hn_002: extracted text not found for doc_hn_zz_guotou_2026_scp1_003
WARNING: row 7 pilot_zj_002: extracted text not found for doc_zj_nb_kaitou_2026_mtn4_prospectus
WARNING: row 8 pilot_zj_003: extracted text not found for doc_zj_wz_mingcheng_2026_mtn2_prospectus
WARNING: row 9 pilot_js_004: extracted text not found for doc_js_xz_xinsheng_2026_mtn6_prospectus
WARNING: row 10 pilot_hn_004: extracted text not found for doc_hn_hy_chengtou_2026_mtn2_prospectus
WARNING: row 11 pilot_sd_001: extracted text not found for doc_sd_jn_chengtou_2025_mtn1_prospectus
WARNING: row 12 pilot_js_003: extracted text not found for doc_js_yc_chengzi_2025_mtn2_prospectus
WARNING: row 13 pilot_gd_003: extracted text not found for doc_gd_fs_jiantou_2025_mtn_prospectus
WARNING: row 14 pilot_js_002: extracted text not found for doc_js_sz_chengtou_2026_mtn1_009
WARNING: row 15 pilot_sd_002: extracted text not found for doc_sd_qd_chengtou_2026_mtn2_001
WARNING: row 17 expand_sd_jinan_chengjian: extracted text not found for doc_sd_jn_chengjian_2026_scp4_007
WARNING: row 18 expand_fj_fuzhou_chengtou: extracted text not found for doc_fj_fz_chengtou_2026_scp2_005
WARNING: row 19 expand_xj_urumqi_chengtou: extracted text not found for doc_xj_wlmq_chengtou_2026_mtn2_003
WARNING: row 20 expand_zj_yuyao_chengtou: extracted text not found for doc_zj_yuyao_chengtou_2026_mtn1_001
WARNING: row 21 expand_js_taizhou_jindong: extracted text not found for doc_js_tz_jindong_2026_mtn1_002
WARNING: row 22 expand_hlj_harbin_chengtou: extracted text not found for doc_hlj_hrb_chengtou_2026_mtn1_003
WARNING: row 23 expand_hb_xiaogan_chengtou: extracted text not found for doc_hb_xg_chengtou_2026_mtn2_004
WARNING: row 24 expand_tj_jinghai_chengtou: extracted text not found for doc_tj_jh_chengtou_2026_mtn1_002
WARNING: row 25 expand_jx_zhanggong_jiantou: extracted text not found for doc_jx_zg_jiantou_2026_mtn1_003
WARNING: row 26 expand_zj_wenling_guotou: extracted text not found for doc_zj_wl_guotou_2026_mtn2_005
WARNING: row 27 expand_js_yixing_chengfa: extracted text not found for doc_js_yx_chengfa_2026_mtn1_003
WARNING: row 28 expand_fj_fuzhou_guozi: extracted text not found for doc_fj_fz_guozi_2026_scp1_006
WARNING: row 29 expand_js_zhenjiang_industry: extracted text not found for doc_js_zhenjiang_industry_2026_cp3_003
WARNING: row 30 expand_js_jiangning_guozi: extracted text not found for doc_js_jiangning_guozi_2026_mtn1_004
WARNING: row 31 expand_js_changshu_invest: extracted text not found for doc_js_changshu_invest_2026_mtn3_001
WARNING: row 32 expand_ah_suzhou_chengtou: extracted text not found for doc_ah_suzhou_chengtou_2026_mtn3_005
WARNING: row 33 expand_hb_huangshi_chengfa: extracted text not found for doc_hb_huangshi_chengfa_2026_cp8_001
WARNING: row 34 expand_js_yancheng_chengnan: extracted text not found for doc_js_yancheng_chengnan_2026_mtn2_003
WARNING: row 35 expand_js_suzhou_xiangcheng: extracted text not found for doc_js_suzhou_xiangcheng_2026_scp3_008
WARNING: row 36 expand_sd_linyi_chengtou: extracted text not found for doc_sd_linyi_chengtou_2026_cp2_004
WARNING: row 37 expand_jx_jian_chengtou: extracted text not found for doc_jx_jian_chengtou_2026_cp1_002
WARNING: row 38 expand_hen_luoyang_chengxiang: extracted text not found for doc_hen_luoyang_chengxiang_2026_cp2_010
WARNING: row 39 expand_js_zhangjiagang_chengtou: extracted text not found for doc_js_zhangjiagang_chengtou_2026_scp2_005
WARNING: row 40 expand_tj_jinnan_chengtou: extracted text not found for doc_tj_jinnan_chengtou_2026_scp6_009
WARNING: row 41 expand_ah_luan_chengtou: extracted text not found for doc_ah_luan_chengtou_2026_scp3_001
WARNING: row 42 expand_js_taizhou_chengtou: extracted text not found for doc_js_taizhou_chengtou_2026_scp5_007
WARNING: row 43 expand_jx_jingdezhen_chengtou: extracted text not found for doc_jx_jingdezhen_chengtou_2026_cp1_006
WARNING: row 44 expand_hb_jingmen_chengtou: extracted text not found for doc_hb_jingmen_chengtou_2026_cp1_002
WARNING: row 45 expand_jx_shangrao_chengtou: extracted text not found for doc_jx_shangrao_chengtou_2026_cp1_007
WARNING: row 46 expand_js_huaian_touzi: extracted text not found for doc_js_huaian_touzi_2026_scp3_007
WARNING: row 47 expand_hn_yiyang_jiaotou: extracted text not found for doc_hn_yiyang_jiaotou_2026_mtn1_004
WARNING: row 48 expand_js_xinghua_guotou: extracted text not found for doc_js_xinghua_guotou_2026_mtn2_004
WARNING: row 49 expand_sc_leshan_guozi: extracted text not found for doc_sc_leshan_guozi_2026_scp2_004
WARNING: row 50 expand_sd_dezhou_deda: extracted text not found for doc_sd_dezhou_deda_2026_cp1_001
WARNING: row 51 expand_jx_fuzhou_guozi: extracted text not found for doc_jx_fuzhou_guozi_2026_cp1_006
WARNING: row 52 sch_20260630_0155: extracted text not found for doc_sch_20260630_0155_003
WARNING: row 53 sch_20260630_0117: extracted text not found for doc_sch_20260630_0117_005
WARNING: row 54 sch_20260630_0027: extracted text not found for doc_sch_20260630_0027_003
WARNING: row 55 sch_20260630_0055: extracted text not found for doc_sch_20260630_0055_001
WARNING: row 56 sch_20260630_0151: extracted text not found for doc_sch_20260630_0151_001
WARNING: row 57 sch_20260630_0052: extracted text not found for doc_sch_20260630_0052_007
WARNING: row 58 sch_20260630_0019: extracted text not found for doc_sch_20260630_0019_007
WARNING: row 59 sch_20260630_0142: extracted text not found for doc_sch_20260630_0142_003
WARNING: row 60 sch_20260630_0068: extracted text not found for doc_sch_20260630_0068_003
WARNING: row 61 expand_gx_nanning_chengtou: extracted text not found for doc_gx_nanning_chengtou_2023_cp_prospectus
WARNING: row 62 pilot_gd_001_alt_metro: extracted text not found for doc_gd_gz_metro_2025_mtn_009
WARNING: row 63 pilot_js_001_alt_metro: extracted text not found for doc_js_nj_metro_2025_mtn2_004
WARNING: row 64 sch_20260630_0035: extracted text not found for doc_sch_20260630_0035_005
WARNING: row 65 sch_20260630_0015: extracted text not found for doc_sch_20260630_0015_007
WARNING: row 66 sch_20260630_0029: extracted text not found for doc_sch_20260630_0029_002
WARNING: row 67 sch_20260630_0047: extracted text not found for doc_sch_20260630_0047_006
WARNING: row 68 sch_20260630_0051: extracted text not found for doc_sch_20260630_0051_003
WARNING: row 69 sch_20260630_0056: extracted text not found for doc_sch_20260630_0056_005
WARNING: row 70 sch_20260630_0005: extracted text not found for doc_sch_20260630_0005_005
WARNING: row 75 sch_20260630_0044: extracted text not found for doc_sch_20260630_0044_004
WARNING: row 76 sch_20260630_0006: extracted text not found for doc_sch_20260630_0006_007
WARNING: row 77 sch_20260630_0007: extracted text not found for doc_sch_20260630_0007_008
WARNING: row 78 sch_20260630_0032: extracted text not found for doc_sch_20260630_0032_008
WARNING: row 79 sch_20260630_0057: extracted text not found for doc_sch_20260630_0057_004
WARNING: row 80 sch_20260630_0033: extracted text not found for doc_sch_20260630_0033_004
WARNING: row 81 sch_20260630_0054: extracted text not found for doc_sch_20260630_0054_005
WARNING: row 82 sch_20260630_0028: extracted text not found for doc_sch_20260630_0028_004
WARNING: row 83 sch_20260630_0017: extracted text not found for doc_sch_20260630_0017_002
WARNING: row 84 sch_20260630_0013: extracted text not found for doc_sch_20260630_0013_009
WARNING: row 85 sch_20260630_0025: extracted text not found for doc_sch_20260630_0025_004
WARNING: row 86 sch_20260630_0008: extracted text not found for doc_sch_20260630_0008_011
WARNING: row 87 sch_20260630_0137: extracted text not found for doc_sch_20260630_0137_006
WARNING: row 88 sch_20260630_0069: extracted text not found for doc_sch_20260630_0069_004
WARNING: row 89 exp_20260703_0008: extracted text not found for doc_exp_20260703_0008_007
WARNING: row 90 exp2_20260703_0009: extracted text not found for doc_exp2_20260703_0009_007
WARNING: row 91 sch_20260630_0132: extracted text not found for doc_sch_20260630_0132_009
WARNING: row 92 sch_20260630_0175: extracted text not found for doc_sch_20260630_0175_001
WARNING: row 93 sch_20260630_0073: extracted text not found for doc_sch_20260630_0073_003
WARNING: row 94 exp_20260703_0001: extracted text not found for doc_exp_20260703_0001_005
WARNING: row 95 exp2_20260703_0001: extracted text not found for doc_exp2_20260703_0001_013

Command: python3 scripts/validate_master_case_pool.py
Exit: 0
master_case_pool_validation=ok
rows=114
cases=114

Command: python3 scripts/validate_probability_validation_frame.py
Exit: 0
{"all_geography_statuses": {"source_supported_multiple": 1, "source_supported_unique": 132}, "all_scope_dispositions": {"eligible": 67, "ineligible": 66}, "baseline_geography_multiple": 1, "baseline_geography_resolved": 87, "baseline_geography_unresolved": 0, "baseline_scope_resolved": 98, "baseline_scope_unresolved": 0, "candidate_units": 67, "frozen_strata": 24, "originating_disclosure_rows": 157, "random_draw_executed": false, "verified_cited_evidence": 488}
